main.c:84:5:main	8	static
main.c:143:6:SystemClock_Config	72	static
main.c:179:13:MX_TIM2_Init	32	static
main.c:224:13:MX_GPIO_Init	32	static
main.c:260:6:display7SEG	32	static
main.c:272:6:update7SEG	16	static
main.c:295:6:updateClockBuffer	4	static
main.c:305:6:setTimer0	16	static
main.c:309:6:timer0_run	4	static
main.c:317:6:setTimer1	16	static
main.c:321:6:timer1_run	4	static
main.c:329:6:setTimer2	16	static
main.c:333:6:timer2_run	4	static
main.c:341:6:HAL_TIM_PeriodElapsedCallback	16	static
main.c:357:6:Error_Handler	4	static,ignoring_inline_asm
